../02-MCAL/06-STK/STK_program.c:18:6:STK_voidInit	4	static
../02-MCAL/06-STK/STK_program.c:28:6:STK_voidSetBusyWait	16	static
../02-MCAL/06-STK/STK_program.c:41:6:STK_voidSetIntervalSingle	16	static
../02-MCAL/06-STK/STK_program.c:54:6:STK_voidSetIntervalPeriodic	16	static
../02-MCAL/06-STK/STK_program.c:65:6:STK_voidStopTimer	4	static
../02-MCAL/06-STK/STK_program.c:75:5:STK_u32GetElapsedTime	4	static
../02-MCAL/06-STK/STK_program.c:79:5:STK_u32GetRemaningTime	4	static
../02-MCAL/06-STK/STK_program.c:86:6:SysTick_Handler	8	static
