Archive member included to satisfy reference by file (symbol)

c:/st/stm32cubeide_1.12.1/stm32cubeide/plugins/com.st.stm32cube.ide.mcu.externaltools.gnu-tools-for-stm32.10.3-2021.10.win32_1.0.200.202301161003/tools/bin/../lib/gcc/arm-none-eabi/10.3.1/../../../../arm-none-eabi/lib/thumb/v7-m/nofp\libc_nano.a(lib_a-errno.o)
                              ./Src/syscalls.o (__errno)
c:/st/stm32cubeide_1.12.1/stm32cubeide/plugins/com.st.stm32cube.ide.mcu.externaltools.gnu-tools-for-stm32.10.3-2021.10.win32_1.0.200.202301161003/tools/bin/../lib/gcc/arm-none-eabi/10.3.1/../../../../arm-none-eabi/lib/thumb/v7-m/nofp\libc_nano.a(lib_a-exit.o)
                              c:/st/stm32cubeide_1.12.1/stm32cubeide/plugins/com.st.stm32cube.ide.mcu.externaltools.gnu-tools-for-stm32.10.3-2021.10.win32_1.0.200.202301161003/tools/bin/../lib/gcc/arm-none-eabi/10.3.1/../../../../arm-none-eabi/lib/thumb/v7-m/nofp/crt0.o (exit)
c:/st/stm32cubeide_1.12.1/stm32cubeide/plugins/com.st.stm32cube.ide.mcu.externaltools.gnu-tools-for-stm32.10.3-2021.10.win32_1.0.200.202301161003/tools/bin/../lib/gcc/arm-none-eabi/10.3.1/../../../../arm-none-eabi/lib/thumb/v7-m/nofp\libc_nano.a(lib_a-impure.o)
                              c:/st/stm32cubeide_1.12.1/stm32cubeide/plugins/com.st.stm32cube.ide.mcu.externaltools.gnu-tools-for-stm32.10.3-2021.10.win32_1.0.200.202301161003/tools/bin/../lib/gcc/arm-none-eabi/10.3.1/../../../../arm-none-eabi/lib/thumb/v7-m/nofp\libc_nano.a(lib_a-exit.o) (_global_impure_ptr)
c:/st/stm32cubeide_1.12.1/stm32cubeide/plugins/com.st.stm32cube.ide.mcu.externaltools.gnu-tools-for-stm32.10.3-2021.10.win32_1.0.200.202301161003/tools/bin/../lib/gcc/arm-none-eabi/10.3.1/../../../../arm-none-eabi/lib/thumb/v7-m/nofp\libc_nano.a(lib_a-init.o)
                              c:/st/stm32cubeide_1.12.1/stm32cubeide/plugins/com.st.stm32cube.ide.mcu.externaltools.gnu-tools-for-stm32.10.3-2021.10.win32_1.0.200.202301161003/tools/bin/../lib/gcc/arm-none-eabi/10.3.1/../../../../arm-none-eabi/lib/thumb/v7-m/nofp/crt0.o (__libc_init_array)
c:/st/stm32cubeide_1.12.1/stm32cubeide/plugins/com.st.stm32cube.ide.mcu.externaltools.gnu-tools-for-stm32.10.3-2021.10.win32_1.0.200.202301161003/tools/bin/../lib/gcc/arm-none-eabi/10.3.1/../../../../arm-none-eabi/lib/thumb/v7-m/nofp\libc_nano.a(lib_a-memset.o)
                              c:/st/stm32cubeide_1.12.1/stm32cubeide/plugins/com.st.stm32cube.ide.mcu.externaltools.gnu-tools-for-stm32.10.3-2021.10.win32_1.0.200.202301161003/tools/bin/../lib/gcc/arm-none-eabi/10.3.1/../../../../arm-none-eabi/lib/thumb/v7-m/nofp/crt0.o (memset)

Discarded input sections

 .text          0x0000000000000000        0x0 c:/st/stm32cubeide_1.12.1/stm32cubeide/plugins/com.st.stm32cube.ide.mcu.externaltools.gnu-tools-for-stm32.10.3-2021.10.win32_1.0.200.202301161003/tools/bin/../lib/gcc/arm-none-eabi/10.3.1/thumb/v7-m/nofp/crti.o
 .data          0x0000000000000000        0x0 c:/st/stm32cubeide_1.12.1/stm32cubeide/plugins/com.st.stm32cube.ide.mcu.externaltools.gnu-tools-for-stm32.10.3-2021.10.win32_1.0.200.202301161003/tools/bin/../lib/gcc/arm-none-eabi/10.3.1/thumb/v7-m/nofp/crti.o
 .bss           0x0000000000000000        0x0 c:/st/stm32cubeide_1.12.1/stm32cubeide/plugins/com.st.stm32cube.ide.mcu.externaltools.gnu-tools-for-stm32.10.3-2021.10.win32_1.0.200.202301161003/tools/bin/../lib/gcc/arm-none-eabi/10.3.1/thumb/v7-m/nofp/crti.o
 .data          0x0000000000000000        0x4 c:/st/stm32cubeide_1.12.1/stm32cubeide/plugins/com.st.stm32cube.ide.mcu.externaltools.gnu-tools-for-stm32.10.3-2021.10.win32_1.0.200.202301161003/tools/bin/../lib/gcc/arm-none-eabi/10.3.1/thumb/v7-m/nofp/crtbegin.o
 .rodata        0x0000000000000000       0x24 c:/st/stm32cubeide_1.12.1/stm32cubeide/plugins/com.st.stm32cube.ide.mcu.externaltools.gnu-tools-for-stm32.10.3-2021.10.win32_1.0.200.202301161003/tools/bin/../lib/gcc/arm-none-eabi/10.3.1/thumb/v7-m/nofp/crtbegin.o
 .text          0x0000000000000000       0x7c c:/st/stm32cubeide_1.12.1/stm32cubeide/plugins/com.st.stm32cube.ide.mcu.externaltools.gnu-tools-for-stm32.10.3-2021.10.win32_1.0.200.202301161003/tools/bin/../lib/gcc/arm-none-eabi/10.3.1/../../../../arm-none-eabi/lib/thumb/v7-m/nofp/crt0.o
 .data          0x0000000000000000        0x0 c:/st/stm32cubeide_1.12.1/stm32cubeide/plugins/com.st.stm32cube.ide.mcu.externaltools.gnu-tools-for-stm32.10.3-2021.10.win32_1.0.200.202301161003/tools/bin/../lib/gcc/arm-none-eabi/10.3.1/../../../../arm-none-eabi/lib/thumb/v7-m/nofp/crt0.o
 .bss           0x0000000000000000        0x0 c:/st/stm32cubeide_1.12.1/stm32cubeide/plugins/com.st.stm32cube.ide.mcu.externaltools.gnu-tools-for-stm32.10.3-2021.10.win32_1.0.200.202301161003/tools/bin/../lib/gcc/arm-none-eabi/10.3.1/../../../../arm-none-eabi/lib/thumb/v7-m/nofp/crt0.o
 .ARM.extab     0x0000000000000000        0x0 c:/st/stm32cubeide_1.12.1/stm32cubeide/plugins/com.st.stm32cube.ide.mcu.externaltools.gnu-tools-for-stm32.10.3-2021.10.win32_1.0.200.202301161003/tools/bin/../lib/gcc/arm-none-eabi/10.3.1/../../../../arm-none-eabi/lib/thumb/v7-m/nofp/crt0.o
 .ARM.exidx     0x0000000000000000       0x10 c:/st/stm32cubeide_1.12.1/stm32cubeide/plugins/com.st.stm32cube.ide.mcu.externaltools.gnu-tools-for-stm32.10.3-2021.10.win32_1.0.200.202301161003/tools/bin/../lib/gcc/arm-none-eabi/10.3.1/../../../../arm-none-eabi/lib/thumb/v7-m/nofp/crt0.o
 .ARM.attributes
                0x0000000000000000       0x1b c:/st/stm32cubeide_1.12.1/stm32cubeide/plugins/com.st.stm32cube.ide.mcu.externaltools.gnu-tools-for-stm32.10.3-2021.10.win32_1.0.200.202301161003/tools/bin/../lib/gcc/arm-none-eabi/10.3.1/../../../../arm-none-eabi/lib/thumb/v7-m/nofp/crt0.o
 .group         0x0000000000000000        0xc ./02-MCAL/01-RCC/RCC_program.o
 .group         0x0000000000000000        0xc ./02-MCAL/01-RCC/RCC_program.o
 .group         0x0000000000000000        0xc ./02-MCAL/01-RCC/RCC_program.o
 .group         0x0000000000000000        0xc ./02-MCAL/01-RCC/RCC_program.o
 .group         0x0000000000000000        0xc ./02-MCAL/01-RCC/RCC_program.o
 .text          0x0000000000000000        0x0 ./02-MCAL/01-RCC/RCC_program.o
 .data          0x0000000000000000        0x0 ./02-MCAL/01-RCC/RCC_program.o
 .bss           0x0000000000000000        0x0 ./02-MCAL/01-RCC/RCC_program.o
 .text.RCC_voidDisableClock
                0x0000000000000000       0x8c ./02-MCAL/01-RCC/RCC_program.o
 .group         0x0000000000000000        0xc ./02-MCAL/02-GPIO/GPIO_program.o
 .group         0x0000000000000000        0xc ./02-MCAL/02-GPIO/GPIO_program.o
 .group         0x0000000000000000        0xc ./02-MCAL/02-GPIO/GPIO_program.o
 .group         0x0000000000000000        0xc ./02-MCAL/02-GPIO/GPIO_program.o
 .text          0x0000000000000000        0x0 ./02-MCAL/02-GPIO/GPIO_program.o
 .data          0x0000000000000000        0x0 ./02-MCAL/02-GPIO/GPIO_program.o
 .bss           0x0000000000000000        0x0 ./02-MCAL/02-GPIO/GPIO_program.o
 .text.GPIO_u8GetPinVal
                0x0000000000000000       0x80 ./02-MCAL/02-GPIO/GPIO_program.o
 .debug_macro   0x0000000000000000      0xa72 ./02-MCAL/02-GPIO/GPIO_program.o
 .debug_macro   0x0000000000000000       0x28 ./02-MCAL/02-GPIO/GPIO_program.o
 .group         0x0000000000000000        0xc ./02-MCAL/03-NVIC/NVIC_program.o
 .group         0x0000000000000000        0xc ./02-MCAL/03-NVIC/NVIC_program.o
 .group         0x0000000000000000        0xc ./02-MCAL/03-NVIC/NVIC_program.o
 .group         0x0000000000000000        0xc ./02-MCAL/03-NVIC/NVIC_program.o
 .text          0x0000000000000000        0x0 ./02-MCAL/03-NVIC/NVIC_program.o
 .data          0x0000000000000000        0x0 ./02-MCAL/03-NVIC/NVIC_program.o
 .bss           0x0000000000000000        0x0 ./02-MCAL/03-NVIC/NVIC_program.o
 .text.NVIC_voidDisableInterrupt
                0x0000000000000000       0x44 ./02-MCAL/03-NVIC/NVIC_program.o
 .text.NVIC_voidSetBendingFlag
                0x0000000000000000       0x44 ./02-MCAL/03-NVIC/NVIC_program.o
 .text.NVIC_voidClearBendingFlag
                0x0000000000000000       0x44 ./02-MCAL/03-NVIC/NVIC_program.o
 .text.NVIC_u8ReadActiveFlag
                0x0000000000000000       0x58 ./02-MCAL/03-NVIC/NVIC_program.o
 .text.NVIC_voidSetPriority
                0x0000000000000000       0x64 ./02-MCAL/03-NVIC/NVIC_program.o
 .debug_macro   0x0000000000000000      0xa72 ./02-MCAL/03-NVIC/NVIC_program.o
 .debug_macro   0x0000000000000000       0x28 ./02-MCAL/03-NVIC/NVIC_program.o
 .group         0x0000000000000000        0xc ./02-MCAL/04-EXIN/EXIN_program.o
 .group         0x0000000000000000        0xc ./02-MCAL/04-EXIN/EXIN_program.o
 .group         0x0000000000000000        0xc ./02-MCAL/04-EXIN/EXIN_program.o
 .text          0x0000000000000000        0x0 ./02-MCAL/04-EXIN/EXIN_program.o
 .data          0x0000000000000000        0x0 ./02-MCAL/04-EXIN/EXIN_program.o
 .bss           0x0000000000000000        0x0 ./02-MCAL/04-EXIN/EXIN_program.o
 .text.EXIN_voidInit
                0x0000000000000000        0xc ./02-MCAL/04-EXIN/EXIN_program.o
 .text.EXIN_voidEnableEXIN
                0x0000000000000000       0xc8 ./02-MCAL/04-EXIN/EXIN_program.o
 .text.EXIN_voidDisableEXIN
                0x0000000000000000       0x34 ./02-MCAL/04-EXIN/EXIN_program.o
 .text.EXIN_VidSetCallBack
                0x0000000000000000       0x1c ./02-MCAL/04-EXIN/EXIN_program.o
 .debug_macro   0x0000000000000000      0xa72 ./02-MCAL/04-EXIN/EXIN_program.o
 .debug_macro   0x0000000000000000       0x28 ./02-MCAL/04-EXIN/EXIN_program.o
 .group         0x0000000000000000        0xc ./02-MCAL/05-AFIO/AFIO_program.o
 .group         0x0000000000000000        0xc ./02-MCAL/05-AFIO/AFIO_program.o
 .group         0x0000000000000000        0xc ./02-MCAL/05-AFIO/AFIO_program.o
 .group         0x0000000000000000        0xc ./02-MCAL/05-AFIO/AFIO_program.o
 .text          0x0000000000000000        0x0 ./02-MCAL/05-AFIO/AFIO_program.o
 .data          0x0000000000000000        0x0 ./02-MCAL/05-AFIO/AFIO_program.o
 .bss           0x0000000000000000        0x0 ./02-MCAL/05-AFIO/AFIO_program.o
 .text.AFIO_voidSetExtiConfiguration
                0x0000000000000000       0xa8 ./02-MCAL/05-AFIO/AFIO_program.o
 .debug_info    0x0000000000000000      0x1ad ./02-MCAL/05-AFIO/AFIO_program.o
 .debug_abbrev  0x0000000000000000       0xd1 ./02-MCAL/05-AFIO/AFIO_program.o
 .debug_aranges
                0x0000000000000000       0x20 ./02-MCAL/05-AFIO/AFIO_program.o
 .debug_ranges  0x0000000000000000       0x10 ./02-MCAL/05-AFIO/AFIO_program.o
 .debug_macro   0x0000000000000000       0x40 ./02-MCAL/05-AFIO/AFIO_program.o
 .debug_macro   0x0000000000000000      0xa72 ./02-MCAL/05-AFIO/AFIO_program.o
 .debug_macro   0x0000000000000000       0x28 ./02-MCAL/05-AFIO/AFIO_program.o
 .debug_macro   0x0000000000000000       0x22 ./02-MCAL/05-AFIO/AFIO_program.o
 .debug_macro   0x0000000000000000       0x10 ./02-MCAL/05-AFIO/AFIO_program.o
 .debug_line    0x0000000000000000      0x139 ./02-MCAL/05-AFIO/AFIO_program.o
 .debug_str     0x0000000000000000     0x2fc3 ./02-MCAL/05-AFIO/AFIO_program.o
 .comment       0x0000000000000000       0x51 ./02-MCAL/05-AFIO/AFIO_program.o
 .debug_frame   0x0000000000000000       0x38 ./02-MCAL/05-AFIO/AFIO_program.o
 .ARM.attributes
                0x0000000000000000       0x2d ./02-MCAL/05-AFIO/AFIO_program.o
 .group         0x0000000000000000        0xc ./02-MCAL/06-STK/STK_program.o
 .group         0x0000000000000000        0xc ./02-MCAL/06-STK/STK_program.o
 .group         0x0000000000000000        0xc ./02-MCAL/06-STK/STK_program.o
 .group         0x0000000000000000        0xc ./02-MCAL/06-STK/STK_program.o
 .group         0x0000000000000000        0xc ./02-MCAL/06-STK/STK_program.o
 .text          0x0000000000000000        0x0 ./02-MCAL/06-STK/STK_program.o
 .data          0x0000000000000000        0x0 ./02-MCAL/06-STK/STK_program.o
 .bss           0x0000000000000000        0x0 ./02-MCAL/06-STK/STK_program.o
 .text.STK_voidInit
                0x0000000000000000       0x34 ./02-MCAL/06-STK/STK_program.o
 .text.STK_voidSetBusyWait
                0x0000000000000000       0x44 ./02-MCAL/06-STK/STK_program.o
 .text.STK_voidSetIntervalSingle
                0x0000000000000000       0x50 ./02-MCAL/06-STK/STK_program.o
 .text.STK_voidSetIntervalPeriodic
                0x0000000000000000       0x40 ./02-MCAL/06-STK/STK_program.o
 .text.STK_voidStopTimer
                0x0000000000000000       0x28 ./02-MCAL/06-STK/STK_program.o
 .text.STK_u32GetElapsedTime
                0x0000000000000000       0x1c ./02-MCAL/06-STK/STK_program.o
 .text.STK_u32GetRemaningTime
                0x0000000000000000       0x14 ./02-MCAL/06-STK/STK_program.o
 .debug_macro   0x0000000000000000      0xa72 ./02-MCAL/06-STK/STK_program.o
 .debug_macro   0x0000000000000000       0x28 ./02-MCAL/06-STK/STK_program.o
 .group         0x0000000000000000        0xc ./03-HAL/01-LED/LED_program.o
 .group         0x0000000000000000        0xc ./03-HAL/01-LED/LED_program.o
 .group         0x0000000000000000        0xc ./03-HAL/01-LED/LED_program.o
 .group         0x0000000000000000        0xc ./03-HAL/01-LED/LED_program.o
 .text          0x0000000000000000        0x0 ./03-HAL/01-LED/LED_program.o
 .data          0x0000000000000000        0x0 ./03-HAL/01-LED/LED_program.o
 .bss           0x0000000000000000        0x0 ./03-HAL/01-LED/LED_program.o
 .text.LED_voidOff
                0x0000000000000000       0xc0 ./03-HAL/01-LED/LED_program.o
 .text.LED_voidToggle
                0x0000000000000000       0x7e ./03-HAL/01-LED/LED_program.o
 .debug_macro   0x0000000000000000      0xa72 ./03-HAL/01-LED/LED_program.o
 .debug_macro   0x0000000000000000       0xe2 ./03-HAL/01-LED/LED_program.o
 .group         0x0000000000000000        0xc ./03-HAL/02-SEV_SEGMENT/SEV_SEGMENT_program.o
 .group         0x0000000000000000        0xc ./03-HAL/02-SEV_SEGMENT/SEV_SEGMENT_program.o
 .group         0x0000000000000000        0xc ./03-HAL/02-SEV_SEGMENT/SEV_SEGMENT_program.o
 .group         0x0000000000000000        0xc ./03-HAL/02-SEV_SEGMENT/SEV_SEGMENT_program.o
 .text          0x0000000000000000        0x0 ./03-HAL/02-SEV_SEGMENT/SEV_SEGMENT_program.o
 .data          0x0000000000000000        0x0 ./03-HAL/02-SEV_SEGMENT/SEV_SEGMENT_program.o
 .bss           0x0000000000000000        0x0 ./03-HAL/02-SEV_SEGMENT/SEV_SEGMENT_program.o
 .debug_macro   0x0000000000000000      0xa72 ./03-HAL/02-SEV_SEGMENT/SEV_SEGMENT_program.o
 .debug_macro   0x0000000000000000       0xe2 ./03-HAL/02-SEV_SEGMENT/SEV_SEGMENT_program.o
 .group         0x0000000000000000        0xc ./03-HAL/03-LEDMRX/LEDMRX_program.o
 .group         0x0000000000000000        0xc ./03-HAL/03-LEDMRX/LEDMRX_program.o
 .group         0x0000000000000000        0xc ./03-HAL/03-LEDMRX/LEDMRX_program.o
 .group         0x0000000000000000        0xc ./03-HAL/03-LEDMRX/LEDMRX_program.o
 .group         0x0000000000000000        0xc ./03-HAL/03-LEDMRX/LEDMRX_program.o
 .text          0x0000000000000000        0x0 ./03-HAL/03-LEDMRX/LEDMRX_program.o
 .data          0x0000000000000000        0x0 ./03-HAL/03-LEDMRX/LEDMRX_program.o
 .bss           0x0000000000000000        0x0 ./03-HAL/03-LEDMRX/LEDMRX_program.o
 .text.LEDMRX_voidInit
                0x0000000000000000       0xa8 ./03-HAL/03-LEDMRX/LEDMRX_program.o
 .text.LEDMRX_voidDisplay
                0x0000000000000000      0x11e ./03-HAL/03-LEDMRX/LEDMRX_program.o
 .text.DisableAllCol
                0x0000000000000000       0x58 ./03-HAL/03-LEDMRX/LEDMRX_program.o
 .text.SetRowVal
                0x0000000000000000       0xc8 ./03-HAL/03-LEDMRX/LEDMRX_program.o
 .debug_info    0x0000000000000000      0x156 ./03-HAL/03-LEDMRX/LEDMRX_program.o
 .debug_abbrev  0x0000000000000000       0xe0 ./03-HAL/03-LEDMRX/LEDMRX_program.o
 .debug_aranges
                0x0000000000000000       0x38 ./03-HAL/03-LEDMRX/LEDMRX_program.o
 .debug_ranges  0x0000000000000000       0x28 ./03-HAL/03-LEDMRX/LEDMRX_program.o
 .debug_macro   0x0000000000000000       0x53 ./03-HAL/03-LEDMRX/LEDMRX_program.o
 .debug_macro   0x0000000000000000      0xa72 ./03-HAL/03-LEDMRX/LEDMRX_program.o
 .debug_macro   0x0000000000000000       0x28 ./03-HAL/03-LEDMRX/LEDMRX_program.o
 .debug_macro   0x0000000000000000       0xe2 ./03-HAL/03-LEDMRX/LEDMRX_program.o
 .debug_macro   0x0000000000000000       0x16 ./03-HAL/03-LEDMRX/LEDMRX_program.o
 .debug_macro   0x0000000000000000       0x6a ./03-HAL/03-LEDMRX/LEDMRX_program.o
 .debug_line    0x0000000000000000      0x2b9 ./03-HAL/03-LEDMRX/LEDMRX_program.o
 .debug_str     0x0000000000000000     0x3321 ./03-HAL/03-LEDMRX/LEDMRX_program.o
 .comment       0x0000000000000000       0x51 ./03-HAL/03-LEDMRX/LEDMRX_program.o
 .debug_frame   0x0000000000000000       0x90 ./03-HAL/03-LEDMRX/LEDMRX_program.o
 .ARM.attributes
                0x0000000000000000       0x2d ./03-HAL/03-LEDMRX/LEDMRX_program.o
 .group         0x0000000000000000        0xc ./03-HAL/04-IR/IR_program.o
 .group         0x0000000000000000        0xc ./03-HAL/04-IR/IR_program.o
 .group         0x0000000000000000        0xc ./03-HAL/04-IR/IR_program.o
 .group         0x0000000000000000        0xc ./03-HAL/04-IR/IR_program.o
 .group         0x0000000000000000        0xc ./03-HAL/04-IR/IR_program.o
 .group         0x0000000000000000        0xc ./03-HAL/04-IR/IR_program.o
 .text          0x0000000000000000        0x0 ./03-HAL/04-IR/IR_program.o
 .data          0x0000000000000000        0x0 ./03-HAL/04-IR/IR_program.o
 .bss           0x0000000000000000        0x0 ./03-HAL/04-IR/IR_program.o
 .bss.IR_ActionFunc
                0x0000000000000000        0x4 ./03-HAL/04-IR/IR_program.o
 .bss.u8StartFlag
                0x0000000000000000        0x1 ./03-HAL/04-IR/IR_program.o
 .bss.u32FrameData
                0x0000000000000000       0xc8 ./03-HAL/04-IR/IR_program.o
 .bss.u8EdgeCounter
                0x0000000000000000        0x1 ./03-HAL/04-IR/IR_program.o
 .bss.u8Data    0x0000000000000000        0x1 ./03-HAL/04-IR/IR_program.o
 .text.IR_voidTakeAction
                0x0000000000000000       0xb4 ./03-HAL/04-IR/IR_program.o
 .text.IR_voidGetFrame
                0x0000000000000000       0x60 ./03-HAL/04-IR/IR_program.o
 .text.IR_voidInit
                0x0000000000000000       0x4c ./03-HAL/04-IR/IR_program.o
 .debug_info    0x0000000000000000      0x2b0 ./03-HAL/04-IR/IR_program.o
 .debug_abbrev  0x0000000000000000      0x166 ./03-HAL/04-IR/IR_program.o
 .debug_aranges
                0x0000000000000000       0x30 ./03-HAL/04-IR/IR_program.o
 .debug_ranges  0x0000000000000000       0x20 ./03-HAL/04-IR/IR_program.o
 .debug_macro   0x0000000000000000       0x62 ./03-HAL/04-IR/IR_program.o
 .debug_macro   0x0000000000000000      0xa72 ./03-HAL/04-IR/IR_program.o
 .debug_macro   0x0000000000000000       0x28 ./03-HAL/04-IR/IR_program.o
 .debug_macro   0x0000000000000000       0x28 ./03-HAL/04-IR/IR_program.o
 .debug_macro   0x0000000000000000       0x16 ./03-HAL/04-IR/IR_program.o
 .debug_macro   0x0000000000000000       0x16 ./03-HAL/04-IR/IR_program.o
 .debug_macro   0x0000000000000000       0x10 ./03-HAL/04-IR/IR_program.o
 .debug_line    0x0000000000000000      0x2e6 ./03-HAL/04-IR/IR_program.o
 .debug_str     0x0000000000000000     0x313a ./03-HAL/04-IR/IR_program.o
 .comment       0x0000000000000000       0x51 ./03-HAL/04-IR/IR_program.o
 .debug_frame   0x0000000000000000       0x78 ./03-HAL/04-IR/IR_program.o
 .ARM.attributes
                0x0000000000000000       0x2d ./03-HAL/04-IR/IR_program.o
 .group         0x0000000000000000        0xc ./Src/main.o
 .group         0x0000000000000000        0xc ./Src/main.o
 .group         0x0000000000000000        0xc ./Src/main.o
 .group         0x0000000000000000        0xc ./Src/main.o
 .group         0x0000000000000000        0xc ./Src/main.o
 .group         0x0000000000000000        0xc ./Src/main.o
 .group         0x0000000000000000        0xc ./Src/main.o
 .group         0x0000000000000000        0xc ./Src/main.o
 .group         0x0000000000000000        0xc ./Src/main.o
 .text          0x0000000000000000        0x0 ./Src/main.o
 .data          0x0000000000000000        0x0 ./Src/main.o
 .bss           0x0000000000000000        0x0 ./Src/main.o
 .debug_macro   0x0000000000000000      0xa72 ./Src/main.o
 .debug_macro   0x0000000000000000       0x28 ./Src/main.o
 .debug_macro   0x0000000000000000       0x1c ./Src/main.o
 .debug_macro   0x0000000000000000       0xe2 ./Src/main.o
 .debug_macro   0x0000000000000000       0x28 ./Src/main.o
 .debug_macro   0x0000000000000000       0x16 ./Src/main.o
 .debug_macro   0x0000000000000000       0x16 ./Src/main.o
 .debug_macro   0x0000000000000000       0x16 ./Src/main.o
 .debug_macro   0x0000000000000000       0x2e ./Src/main.o
 .group         0x0000000000000000        0xc ./Src/syscalls.o
 .group         0x0000000000000000        0xc ./Src/syscalls.o
 .group         0x0000000000000000        0xc ./Src/syscalls.o
 .group         0x0000000000000000        0xc ./Src/syscalls.o
 .group         0x0000000000000000        0xc ./Src/syscalls.o
 .group         0x0000000000000000        0xc ./Src/syscalls.o
 .group         0x0000000000000000        0xc ./Src/syscalls.o
 .group         0x0000000000000000        0xc ./Src/syscalls.o
 .group         0x0000000000000000        0xc ./Src/syscalls.o
 .group         0x0000000000000000        0xc ./Src/syscalls.o
 .group         0x0000000000000000        0xc ./Src/syscalls.o
 .group         0x0000000000000000        0xc ./Src/syscalls.o
 .group         0x0000000000000000        0xc ./Src/syscalls.o
 .group         0x0000000000000000        0xc ./Src/syscalls.o
 .group         0x0000000000000000        0xc ./Src/syscalls.o
 .group         0x0000000000000000        0xc ./Src/syscalls.o
 .group         0x0000000000000000        0xc ./Src/syscalls.o
 .group         0x0000000000000000        0xc ./Src/syscalls.o
 .group         0x0000000000000000        0xc ./Src/syscalls.o
 .group         0x0000000000000000        0xc ./Src/syscalls.o
 .group         0x0000000000000000        0xc ./Src/syscalls.o
 .group         0x0000000000000000        0xc ./Src/syscalls.o
 .group         0x0000000000000000        0xc ./Src/syscalls.o
 .group         0x0000000000000000        0xc ./Src/syscalls.o
 .group         0x0000000000000000        0xc ./Src/syscalls.o
 .group         0x0000000000000000        0xc ./Src/syscalls.o
 .group         0x0000000000000000        0xc ./Src/syscalls.o
 .group         0x0000000000000000        0xc ./Src/syscalls.o
 .group         0x0000000000000000        0xc ./Src/syscalls.o
 .group         0x0000000000000000        0xc ./Src/syscalls.o
 .group         0x0000000000000000        0xc ./Src/syscalls.o
 .group         0x0000000000000000        0xc ./Src/syscalls.o
 .group         0x0000000000000000        0xc ./Src/syscalls.o
 .group         0x0000000000000000        0xc ./Src/syscalls.o
 .group         0x0000000000000000        0xc ./Src/syscalls.o
 .group         0x0000000000000000        0xc ./Src/syscalls.o
 .group         0x0000000000000000        0xc ./Src/syscalls.o
 .group         0x0000000000000000        0xc ./Src/syscalls.o
 .group         0x0000000000000000        0xc ./Src/syscalls.o
 .group         0x0000000000000000        0xc ./Src/syscalls.o
 .group         0x0000000000000000        0xc ./Src/syscalls.o
 .group         0x0000000000000000        0xc ./Src/syscalls.o
 .group         0x0000000000000000        0xc ./Src/syscalls.o
 .group         0x0000000000000000        0xc ./Src/syscalls.o
 .group         0x0000000000000000        0xc ./Src/syscalls.o
 .group         0x0000000000000000        0xc ./Src/syscalls.o
 .group         0x0000000000000000        0xc ./Src/syscalls.o
 .text          0x0000000000000000        0x0 ./Src/syscalls.o
 .data          0x0000000000000000        0x0 ./Src/syscalls.o
 .bss           0x0000000000000000        0x0 ./Src/syscalls.o
 .bss.__env     0x0000000000000000        0x4 ./Src/syscalls.o
 .data.environ  0x0000000000000000        0x4 ./Src/syscalls.o
 .text.initialise_monitor_handles
                0x0000000000000000        0xc ./Src/syscalls.o
 .text._getpid  0x0000000000000000        0xe ./Src/syscalls.o
 .text._kill    0x0000000000000000       0x20 ./Src/syscalls.o
 .text._exit    0x0000000000000000       0x14 ./Src/syscalls.o
 .text._read    0x0000000000000000       0x3a ./Src/syscalls.o
 .text._write   0x0000000000000000       0x38 ./Src/syscalls.o
 .text._close   0x0000000000000000       0x16 ./Src/syscalls.o
 .text._fstat   0x0000000000000000       0x1e ./Src/syscalls.o
 .text._isatty  0x0000000000000000       0x14 ./Src/syscalls.o
 .text._lseek   0x0000000000000000       0x18 ./Src/syscalls.o
 .text._open    0x0000000000000000       0x1a ./Src/syscalls.o
 .text._wait    0x0000000000000000       0x1e ./Src/syscalls.o
 .text._unlink  0x0000000000000000       0x1e ./Src/syscalls.o
 .text._times   0x0000000000000000       0x16 ./Src/syscalls.o
 .text._stat    0x0000000000000000       0x1e ./Src/syscalls.o
 .text._link    0x0000000000000000       0x20 ./Src/syscalls.o
 .text._fork    0x0000000000000000       0x16 ./Src/syscalls.o
 .text._execve  0x0000000000000000       0x22 ./Src/syscalls.o
 .debug_info    0x0000000000000000      0x6e0 ./Src/syscalls.o
 .debug_abbrev  0x0000000000000000      0x1b3 ./Src/syscalls.o
 .debug_aranges
                0x0000000000000000       0xa8 ./Src/syscalls.o
 .debug_ranges  0x0000000000000000       0x98 ./Src/syscalls.o
 .debug_macro   0x0000000000000000      0x24c ./Src/syscalls.o
 .debug_macro   0x0000000000000000      0xa72 ./Src/syscalls.o
 .debug_macro   0x0000000000000000       0x22 ./Src/syscalls.o
 .debug_macro   0x0000000000000000       0x4c ./Src/syscalls.o
 .debug_macro   0x0000000000000000       0x18 ./Src/syscalls.o
 .debug_macro   0x0000000000000000       0x94 ./Src/syscalls.o
 .debug_macro   0x0000000000000000       0x3c ./Src/syscalls.o
 .debug_macro   0x0000000000000000       0x34 ./Src/syscalls.o
 .debug_macro   0x0000000000000000       0x57 ./Src/syscalls.o
 .debug_macro   0x0000000000000000      0x174 ./Src/syscalls.o
 .debug_macro   0x0000000000000000      0x341 ./Src/syscalls.o
 .debug_macro   0x0000000000000000       0x16 ./Src/syscalls.o
 .debug_macro   0x0000000000000000       0x43 ./Src/syscalls.o
 .debug_macro   0x0000000000000000       0x34 ./Src/syscalls.o
 .debug_macro   0x0000000000000000       0x10 ./Src/syscalls.o
 .debug_macro   0x0000000000000000       0x58 ./Src/syscalls.o
 .debug_macro   0x0000000000000000       0x71 ./Src/syscalls.o
 .debug_macro   0x0000000000000000       0x1c ./Src/syscalls.o
 .debug_macro   0x0000000000000000      0x12a ./Src/syscalls.o
 .debug_macro   0x0000000000000000       0x10 ./Src/syscalls.o
 .debug_macro   0x0000000000000000       0x35 ./Src/syscalls.o
 .debug_macro   0x0000000000000000       0x10 ./Src/syscalls.o
 .debug_macro   0x0000000000000000       0x10 ./Src/syscalls.o
 .debug_macro   0x0000000000000000       0x10 ./Src/syscalls.o
 .debug_macro   0x0000000000000000       0x6a ./Src/syscalls.o
 .debug_macro   0x0000000000000000       0x1c ./Src/syscalls.o
 .debug_macro   0x0000000000000000       0x52 ./Src/syscalls.o
 .debug_macro   0x0000000000000000       0x22 ./Src/syscalls.o
 .debug_macro   0x0000000000000000       0x10 ./Src/syscalls.o
 .debug_macro   0x0000000000000000       0x52 ./Src/syscalls.o
 .debug_macro   0x0000000000000000       0xd5 ./Src/syscalls.o
 .debug_macro   0x0000000000000000       0x1c ./Src/syscalls.o
 .debug_macro   0x0000000000000000       0x3d ./Src/syscalls.o
 .debug_macro   0x0000000000000000       0x35 ./Src/syscalls.o
 .debug_macro   0x0000000000000000      0x12c ./Src/syscalls.o
 .debug_macro   0x0000000000000000       0x16 ./Src/syscalls.o
 .debug_macro   0x0000000000000000       0x16 ./Src/syscalls.o
 .debug_macro   0x0000000000000000       0x29 ./Src/syscalls.o
 .debug_macro   0x0000000000000000       0x10 ./Src/syscalls.o
 .debug_macro   0x0000000000000000      0x241 ./Src/syscalls.o
 .debug_macro   0x0000000000000000       0x1c ./Src/syscalls.o
 .debug_macro   0x0000000000000000       0x10 ./Src/syscalls.o
 .debug_macro   0x0000000000000000       0x10 ./Src/syscalls.o
 .debug_macro   0x0000000000000000       0x16 ./Src/syscalls.o
 .debug_macro   0x0000000000000000      0x145 ./Src/syscalls.o
 .debug_macro   0x0000000000000000      0x189 ./Src/syscalls.o
 .debug_macro   0x0000000000000000       0x16 ./Src/syscalls.o
 .debug_macro   0x0000000000000000       0xce ./Src/syscalls.o
 .debug_line    0x0000000000000000      0x7f9 ./Src/syscalls.o
 .debug_str     0x0000000000000000     0x8a44 ./Src/syscalls.o
 .comment       0x0000000000000000       0x51 ./Src/syscalls.o
 .debug_frame   0x0000000000000000      0x2ac ./Src/syscalls.o
 .ARM.attributes
                0x0000000000000000       0x2d ./Src/syscalls.o
 .group         0x0000000000000000        0xc ./Src/sysmem.o
 .group         0x0000000000000000        0xc ./Src/sysmem.o
 .group         0x0000000000000000        0xc ./Src/sysmem.o
 .group         0x0000000000000000        0xc ./Src/sysmem.o
 .group         0x0000000000000000        0xc ./Src/sysmem.o
 .group         0x0000000000000000        0xc ./Src/sysmem.o
 .group         0x0000000000000000        0xc ./Src/sysmem.o
 .group         0x0000000000000000        0xc ./Src/sysmem.o
 .group         0x0000000000000000        0xc ./Src/sysmem.o
 .group         0x0000000000000000        0xc ./Src/sysmem.o
 .group         0x0000000000000000        0xc ./Src/sysmem.o
 .group         0x0000000000000000        0xc ./Src/sysmem.o
 .group         0x0000000000000000        0xc ./Src/sysmem.o
 .group         0x0000000000000000        0xc ./Src/sysmem.o
 .group         0x0000000000000000        0xc ./Src/sysmem.o
 .group         0x0000000000000000        0xc ./Src/sysmem.o
 .group         0x0000000000000000        0xc ./Src/sysmem.o
 .group         0x0000000000000000        0xc ./Src/sysmem.o
 .group         0x0000000000000000        0xc ./Src/sysmem.o
 .group         0x0000000000000000        0xc ./Src/sysmem.o
 .group         0x0000000000000000        0xc ./Src/sysmem.o
 .group         0x0000000000000000        0xc ./Src/sysmem.o
 .text          0x0000000000000000        0x0 ./Src/sysmem.o
 .data          0x0000000000000000        0x0 ./Src/sysmem.o
 .bss           0x0000000000000000        0x0 ./Src/sysmem.o
 .bss.__sbrk_heap_end
                0x0000000000000000        0x4 ./Src/sysmem.o
 .text._sbrk    0x0000000000000000       0x6c ./Src/sysmem.o
 .debug_info    0x0000000000000000      0x171 ./Src/sysmem.o
 .debug_abbrev  0x0000000000000000       0xbb ./Src/sysmem.o
 .debug_aranges
                0x0000000000000000       0x20 ./Src/sysmem.o
 .debug_ranges  0x0000000000000000       0x10 ./Src/sysmem.o
 .debug_macro   0x0000000000000000       0xff ./Src/sysmem.o
 .debug_macro   0x0000000000000000      0xa72 ./Src/sysmem.o
 .debug_macro   0x0000000000000000       0x10 ./Src/sysmem.o
 .debug_macro   0x0000000000000000       0x22 ./Src/sysmem.o
 .debug_macro   0x0000000000000000       0x4c ./Src/sysmem.o
 .debug_macro   0x0000000000000000       0x18 ./Src/sysmem.o
 .debug_macro   0x0000000000000000       0x94 ./Src/sysmem.o
 .debug_macro   0x0000000000000000       0x3c ./Src/sysmem.o
 .debug_macro   0x0000000000000000       0x34 ./Src/sysmem.o
 .debug_macro   0x0000000000000000      0x174 ./Src/sysmem.o
 .debug_macro   0x0000000000000000       0x16 ./Src/sysmem.o
 .debug_macro   0x0000000000000000       0x43 ./Src/sysmem.o
 .debug_macro   0x0000000000000000       0x57 ./Src/sysmem.o
 .debug_macro   0x0000000000000000       0x34 ./Src/sysmem.o
 .debug_macro   0x0000000000000000       0x10 ./Src/sysmem.o
 .debug_macro   0x0000000000000000       0x58 ./Src/sysmem.o
 .debug_macro   0x0000000000000000       0x71 ./Src/sysmem.o
 .debug_macro   0x0000000000000000       0x1c ./Src/sysmem.o
 .debug_macro   0x0000000000000000      0x12a ./Src/sysmem.o
 .debug_macro   0x0000000000000000      0x23b ./Src/sysmem.o
 .debug_macro   0x0000000000000000      0x103 ./Src/sysmem.o
 .debug_macro   0x0000000000000000       0x6a ./Src/sysmem.o
 .debug_macro   0x0000000000000000      0x1df ./Src/sysmem.o
 .debug_line    0x0000000000000000      0x4ef ./Src/sysmem.o
 .debug_str     0x0000000000000000     0x5d80 ./Src/sysmem.o
 .comment       0x0000000000000000       0x51 ./Src/sysmem.o
 .debug_frame   0x0000000000000000       0x34 ./Src/sysmem.o
 .ARM.attributes
                0x0000000000000000       0x2d ./Src/sysmem.o
 .text          0x0000000000000000       0x14 ./Startup/startup_stm32f103c8tx.o
 .data          0x0000000000000000        0x0 ./Startup/startup_stm32f103c8tx.o
 .bss           0x0000000000000000        0x0 ./Startup/startup_stm32f103c8tx.o
 .text          0x0000000000000000        0x0 c:/st/stm32cubeide_1.12.1/stm32cubeide/plugins/com.st.stm32cube.ide.mcu.externaltools.gnu-tools-for-stm32.10.3-2021.10.win32_1.0.200.202301161003/tools/bin/../lib/gcc/arm-none-eabi/10.3.1/../../../../arm-none-eabi/lib/thumb/v7-m/nofp\libc_nano.a(lib_a-errno.o)
 .data          0x0000000000000000        0x0 c:/st/stm32cubeide_1.12.1/stm32cubeide/plugins/com.st.stm32cube.ide.mcu.externaltools.gnu-tools-for-stm32.10.3-2021.10.win32_1.0.200.202301161003/tools/bin/../lib/gcc/arm-none-eabi/10.3.1/../../../../arm-none-eabi/lib/thumb/v7-m/nofp\libc_nano.a(lib_a-errno.o)
 .bss           0x0000000000000000        0x0 c:/st/stm32cubeide_1.12.1/stm32cubeide/plugins/com.st.stm32cube.ide.mcu.externaltools.gnu-tools-for-stm32.10.3-2021.10.win32_1.0.200.202301161003/tools/bin/../lib/gcc/arm-none-eabi/10.3.1/../../../../arm-none-eabi/lib/thumb/v7-m/nofp\libc_nano.a(lib_a-errno.o)
 .text.__errno  0x0000000000000000        0xc c:/st/stm32cubeide_1.12.1/stm32cubeide/plugins/com.st.stm32cube.ide.mcu.externaltools.gnu-tools-for-stm32.10.3-2021.10.win32_1.0.200.202301161003/tools/bin/../lib/gcc/arm-none-eabi/10.3.1/../../../../arm-none-eabi/lib/thumb/v7-m/nofp\libc_nano.a(lib_a-errno.o)
 .debug_frame   0x0000000000000000       0x20 c:/st/stm32cubeide_1.12.1/stm32cubeide/plugins/com.st.stm32cube.ide.mcu.externaltools.gnu-tools-for-stm32.10.3-2021.10.win32_1.0.200.202301161003/tools/bin/../lib/gcc/arm-none-eabi/10.3.1/../../../../arm-none-eabi/lib/thumb/v7-m/nofp\libc_nano.a(lib_a-errno.o)
 .ARM.attributes
                0x0000000000000000       0x2d c:/st/stm32cubeide_1.12.1/stm32cubeide/plugins/com.st.stm32cube.ide.mcu.externaltools.gnu-tools-for-stm32.10.3-2021.10.win32_1.0.200.202301161003/tools/bin/../lib/gcc/arm-none-eabi/10.3.1/../../../../arm-none-eabi/lib/thumb/v7-m/nofp\libc_nano.a(lib_a-errno.o)
 .text          0x0000000000000000        0x0 c:/st/stm32cubeide_1.12.1/stm32cubeide/plugins/com.st.stm32cube.ide.mcu.externaltools.gnu-tools-for-stm32.10.3-2021.10.win32_1.0.200.202301161003/tools/bin/../lib/gcc/arm-none-eabi/10.3.1/../../../../arm-none-eabi/lib/thumb/v7-m/nofp\libc_nano.a(lib_a-exit.o)
 .data          0x0000000000000000        0x0 c:/st/stm32cubeide_1.12.1/stm32cubeide/plugins/com.st.stm32cube.ide.mcu.externaltools.gnu-tools-for-stm32.10.3-2021.10.win32_1.0.200.202301161003/tools/bin/../lib/gcc/arm-none-eabi/10.3.1/../../../../arm-none-eabi/lib/thumb/v7-m/nofp\libc_nano.a(lib_a-exit.o)
 .bss           0x0000000000000000        0x0 c:/st/stm32cubeide_1.12.1/stm32cubeide/plugins/com.st.stm32cube.ide.mcu.externaltools.gnu-tools-for-stm32.10.3-2021.10.win32_1.0.200.202301161003/tools/bin/../lib/gcc/arm-none-eabi/10.3.1/../../../../arm-none-eabi/lib/thumb/v7-m/nofp\libc_nano.a(lib_a-exit.o)
 .text.exit     0x0000000000000000       0x28 c:/st/stm32cubeide_1.12.1/stm32cubeide/plugins/com.st.stm32cube.ide.mcu.externaltools.gnu-tools-for-stm32.10.3-2021.10.win32_1.0.200.202301161003/tools/bin/../lib/gcc/arm-none-eabi/10.3.1/../../../../arm-none-eabi/lib/thumb/v7-m/nofp\libc_nano.a(lib_a-exit.o)
 .debug_frame   0x0000000000000000       0x28 c:/st/stm32cubeide_1.12.1/stm32cubeide/plugins/com.st.stm32cube.ide.mcu.externaltools.gnu-tools-for-stm32.10.3-2021.10.win32_1.0.200.202301161003/tools/bin/../lib/gcc/arm-none-eabi/10.3.1/../../../../arm-none-eabi/lib/thumb/v7-m/nofp\libc_nano.a(lib_a-exit.o)
 .ARM.attributes
                0x0000000000000000       0x2d c:/st/stm32cubeide_1.12.1/stm32cubeide/plugins/com.st.stm32cube.ide.mcu.externaltools.gnu-tools-for-stm32.10.3-2021.10.win32_1.0.200.202301161003/tools/bin/../lib/gcc/arm-none-eabi/10.3.1/../../../../arm-none-eabi/lib/thumb/v7-m/nofp\libc_nano.a(lib_a-exit.o)
 .text          0x0000000000000000        0x0 c:/st/stm32cubeide_1.12.1/stm32cubeide/plugins/com.st.stm32cube.ide.mcu.externaltools.gnu-tools-for-stm32.10.3-2021.10.win32_1.0.200.202301161003/tools/bin/../lib/gcc/arm-none-eabi/10.3.1/../../../../arm-none-eabi/lib/thumb/v7-m/nofp\libc_nano.a(lib_a-impure.o)
 .data          0x0000000000000000        0x0 c:/st/stm32cubeide_1.12.1/stm32cubeide/plugins/com.st.stm32cube.ide.mcu.externaltools.gnu-tools-for-stm32.10.3-2021.10.win32_1.0.200.202301161003/tools/bin/../lib/gcc/arm-none-eabi/10.3.1/../../../../arm-none-eabi/lib/thumb/v7-m/nofp\libc_nano.a(lib_a-impure.o)
 .bss           0x0000000000000000        0x0 c:/st/stm32cubeide_1.12.1/stm32cubeide/plugins/com.st.stm32cube.ide.mcu.externaltools.gnu-tools-for-stm32.10.3-2021.10.win32_1.0.200.202301161003/tools/bin/../lib/gcc/arm-none-eabi/10.3.1/../../../../arm-none-eabi/lib/thumb/v7-m/nofp\libc_nano.a(lib_a-impure.o)
 .data._impure_ptr
                0x0000000000000000        0x4 c:/st/stm32cubeide_1.12.1/stm32cubeide/plugins/com.st.stm32cube.ide.mcu.externaltools.gnu-tools-for-stm32.10.3-2021.10.win32_1.0.200.202301161003/tools/bin/../lib/gcc/arm-none-eabi/10.3.1/../../../../arm-none-eabi/lib/thumb/v7-m/nofp\libc_nano.a(lib_a-impure.o)
 .data.impure_data
                0x0000000000000000       0x60 c:/st/stm32cubeide_1.12.1/stm32cubeide/plugins/com.st.stm32cube.ide.mcu.externaltools.gnu-tools-for-stm32.10.3-2021.10.win32_1.0.200.202301161003/tools/bin/../lib/gcc/arm-none-eabi/10.3.1/../../../../arm-none-eabi/lib/thumb/v7-m/nofp\libc_nano.a(lib_a-impure.o)
 .rodata._global_impure_ptr
                0x0000000000000000        0x4 c:/st/stm32cubeide_1.12.1/stm32cubeide/plugins/com.st.stm32cube.ide.mcu.externaltools.gnu-tools-for-stm32.10.3-2021.10.win32_1.0.200.202301161003/tools/bin/../lib/gcc/arm-none-eabi/10.3.1/../../../../arm-none-eabi/lib/thumb/v7-m/nofp\libc_nano.a(lib_a-impure.o)
 .ARM.attributes
                0x0000000000000000       0x2d c:/st/stm32cubeide_1.12.1/stm32cubeide/plugins/com.st.stm32cube.ide.mcu.externaltools.gnu-tools-for-stm32.10.3-2021.10.win32_1.0.200.202301161003/tools/bin/../lib/gcc/arm-none-eabi/10.3.1/../../../../arm-none-eabi/lib/thumb/v7-m/nofp\libc_nano.a(lib_a-impure.o)
 .text          0x0000000000000000        0x0 c:/st/stm32cubeide_1.12.1/stm32cubeide/plugins/com.st.stm32cube.ide.mcu.externaltools.gnu-tools-for-stm32.10.3-2021.10.win32_1.0.200.202301161003/tools/bin/../lib/gcc/arm-none-eabi/10.3.1/../../../../arm-none-eabi/lib/thumb/v7-m/nofp\libc_nano.a(lib_a-init.o)
 .data          0x0000000000000000        0x0 c:/st/stm32cubeide_1.12.1/stm32cubeide/plugins/com.st.stm32cube.ide.mcu.externaltools.gnu-tools-for-stm32.10.3-2021.10.win32_1.0.200.202301161003/tools/bin/../lib/gcc/arm-none-eabi/10.3.1/../../../../arm-none-eabi/lib/thumb/v7-m/nofp\libc_nano.a(lib_a-init.o)
 .bss           0x0000000000000000        0x0 c:/st/stm32cubeide_1.12.1/stm32cubeide/plugins/com.st.stm32cube.ide.mcu.externaltools.gnu-tools-for-stm32.10.3-2021.10.win32_1.0.200.202301161003/tools/bin/../lib/gcc/arm-none-eabi/10.3.1/../../../../arm-none-eabi/lib/thumb/v7-m/nofp\libc_nano.a(lib_a-init.o)
 .text          0x0000000000000000        0x0 c:/st/stm32cubeide_1.12.1/stm32cubeide/plugins/com.st.stm32cube.ide.mcu.externaltools.gnu-tools-for-stm32.10.3-2021.10.win32_1.0.200.202301161003/tools/bin/../lib/gcc/arm-none-eabi/10.3.1/../../../../arm-none-eabi/lib/thumb/v7-m/nofp\libc_nano.a(lib_a-memset.o)
 .data          0x0000000000000000        0x0 c:/st/stm32cubeide_1.12.1/stm32cubeide/plugins/com.st.stm32cube.ide.mcu.externaltools.gnu-tools-for-stm32.10.3-2021.10.win32_1.0.200.202301161003/tools/bin/../lib/gcc/arm-none-eabi/10.3.1/../../../../arm-none-eabi/lib/thumb/v7-m/nofp\libc_nano.a(lib_a-memset.o)
 .bss           0x0000000000000000        0x0 c:/st/stm32cubeide_1.12.1/stm32cubeide/plugins/com.st.stm32cube.ide.mcu.externaltools.gnu-tools-for-stm32.10.3-2021.10.win32_1.0.200.202301161003/tools/bin/../lib/gcc/arm-none-eabi/10.3.1/../../../../arm-none-eabi/lib/thumb/v7-m/nofp\libc_nano.a(lib_a-memset.o)
 .text.memset   0x0000000000000000       0x10 c:/st/stm32cubeide_1.12.1/stm32cubeide/plugins/com.st.stm32cube.ide.mcu.externaltools.gnu-tools-for-stm32.10.3-2021.10.win32_1.0.200.202301161003/tools/bin/../lib/gcc/arm-none-eabi/10.3.1/../../../../arm-none-eabi/lib/thumb/v7-m/nofp\libc_nano.a(lib_a-memset.o)
 .debug_frame   0x0000000000000000       0x20 c:/st/stm32cubeide_1.12.1/stm32cubeide/plugins/com.st.stm32cube.ide.mcu.externaltools.gnu-tools-for-stm32.10.3-2021.10.win32_1.0.200.202301161003/tools/bin/../lib/gcc/arm-none-eabi/10.3.1/../../../../arm-none-eabi/lib/thumb/v7-m/nofp\libc_nano.a(lib_a-memset.o)
 .ARM.attributes
                0x0000000000000000       0x2d c:/st/stm32cubeide_1.12.1/stm32cubeide/plugins/com.st.stm32cube.ide.mcu.externaltools.gnu-tools-for-stm32.10.3-2021.10.win32_1.0.200.202301161003/tools/bin/../lib/gcc/arm-none-eabi/10.3.1/../../../../arm-none-eabi/lib/thumb/v7-m/nofp\libc_nano.a(lib_a-memset.o)
 .text          0x0000000000000000        0x0 c:/st/stm32cubeide_1.12.1/stm32cubeide/plugins/com.st.stm32cube.ide.mcu.externaltools.gnu-tools-for-stm32.10.3-2021.10.win32_1.0.200.202301161003/tools/bin/../lib/gcc/arm-none-eabi/10.3.1/thumb/v7-m/nofp/crtend.o
 .data          0x0000000000000000        0x0 c:/st/stm32cubeide_1.12.1/stm32cubeide/plugins/com.st.stm32cube.ide.mcu.externaltools.gnu-tools-for-stm32.10.3-2021.10.win32_1.0.200.202301161003/tools/bin/../lib/gcc/arm-none-eabi/10.3.1/thumb/v7-m/nofp/crtend.o
 .bss           0x0000000000000000        0x0 c:/st/stm32cubeide_1.12.1/stm32cubeide/plugins/com.st.stm32cube.ide.mcu.externaltools.gnu-tools-for-stm32.10.3-2021.10.win32_1.0.200.202301161003/tools/bin/../lib/gcc/arm-none-eabi/10.3.1/thumb/v7-m/nofp/crtend.o
 .rodata        0x0000000000000000       0x24 c:/st/stm32cubeide_1.12.1/stm32cubeide/plugins/com.st.stm32cube.ide.mcu.externaltools.gnu-tools-for-stm32.10.3-2021.10.win32_1.0.200.202301161003/tools/bin/../lib/gcc/arm-none-eabi/10.3.1/thumb/v7-m/nofp/crtend.o
 .eh_frame      0x0000000000000000        0x4 c:/st/stm32cubeide_1.12.1/stm32cubeide/plugins/com.st.stm32cube.ide.mcu.externaltools.gnu-tools-for-stm32.10.3-2021.10.win32_1.0.200.202301161003/tools/bin/../lib/gcc/arm-none-eabi/10.3.1/thumb/v7-m/nofp/crtend.o
 .ARM.attributes
                0x0000000000000000       0x2d c:/st/stm32cubeide_1.12.1/stm32cubeide/plugins/com.st.stm32cube.ide.mcu.externaltools.gnu-tools-for-stm32.10.3-2021.10.win32_1.0.200.202301161003/tools/bin/../lib/gcc/arm-none-eabi/10.3.1/thumb/v7-m/nofp/crtend.o
 .text          0x0000000000000000        0x0 c:/st/stm32cubeide_1.12.1/stm32cubeide/plugins/com.st.stm32cube.ide.mcu.externaltools.gnu-tools-for-stm32.10.3-2021.10.win32_1.0.200.202301161003/tools/bin/../lib/gcc/arm-none-eabi/10.3.1/thumb/v7-m/nofp/crtn.o
 .data          0x0000000000000000        0x0 c:/st/stm32cubeide_1.12.1/stm32cubeide/plugins/com.st.stm32cube.ide.mcu.externaltools.gnu-tools-for-stm32.10.3-2021.10.win32_1.0.200.202301161003/tools/bin/../lib/gcc/arm-none-eabi/10.3.1/thumb/v7-m/nofp/crtn.o
 .bss           0x0000000000000000        0x0 c:/st/stm32cubeide_1.12.1/stm32cubeide/plugins/com.st.stm32cube.ide.mcu.externaltools.gnu-tools-for-stm32.10.3-2021.10.win32_1.0.200.202301161003/tools/bin/../lib/gcc/arm-none-eabi/10.3.1/thumb/v7-m/nofp/crtn.o

Memory Configuration

Name             Origin             Length             Attributes
RAM              0x0000000020000000 0x0000000000005000 xrw
FLASH            0x0000000008000000 0x0000000000010000 xr
*default*        0x0000000000000000 0xffffffffffffffff

Linker script and memory map

LOAD c:/st/stm32cubeide_1.12.1/stm32cubeide/plugins/com.st.stm32cube.ide.mcu.externaltools.gnu-tools-for-stm32.10.3-2021.10.win32_1.0.200.202301161003/tools/bin/../lib/gcc/arm-none-eabi/10.3.1/thumb/v7-m/nofp/crti.o
LOAD c:/st/stm32cubeide_1.12.1/stm32cubeide/plugins/com.st.stm32cube.ide.mcu.externaltools.gnu-tools-for-stm32.10.3-2021.10.win32_1.0.200.202301161003/tools/bin/../lib/gcc/arm-none-eabi/10.3.1/thumb/v7-m/nofp/crtbegin.o
LOAD c:/st/stm32cubeide_1.12.1/stm32cubeide/plugins/com.st.stm32cube.ide.mcu.externaltools.gnu-tools-for-stm32.10.3-2021.10.win32_1.0.200.202301161003/tools/bin/../lib/gcc/arm-none-eabi/10.3.1/../../../../arm-none-eabi/lib/thumb/v7-m/nofp/crt0.o
LOAD ./02-MCAL/01-RCC/RCC_program.o
LOAD ./02-MCAL/02-GPIO/GPIO_program.o
LOAD ./02-MCAL/03-NVIC/NVIC_program.o
LOAD ./02-MCAL/04-EXIN/EXIN_program.o
LOAD ./02-MCAL/05-AFIO/AFIO_program.o
LOAD ./02-MCAL/06-STK/STK_program.o
LOAD ./03-HAL/01-LED/LED_program.o
LOAD ./03-HAL/02-SEV_SEGMENT/SEV_SEGMENT_program.o
LOAD ./03-HAL/03-LEDMRX/LEDMRX_program.o
LOAD ./03-HAL/04-IR/IR_program.o
LOAD ./Src/main.o
LOAD ./Src/syscalls.o
LOAD ./Src/sysmem.o
LOAD ./Startup/startup_stm32f103c8tx.o
START GROUP
LOAD c:/st/stm32cubeide_1.12.1/stm32cubeide/plugins/com.st.stm32cube.ide.mcu.externaltools.gnu-tools-for-stm32.10.3-2021.10.win32_1.0.200.202301161003/tools/bin/../lib/gcc/arm-none-eabi/10.3.1/../../../../arm-none-eabi/lib/thumb/v7-m/nofp\libc_nano.a
LOAD c:/st/stm32cubeide_1.12.1/stm32cubeide/plugins/com.st.stm32cube.ide.mcu.externaltools.gnu-tools-for-stm32.10.3-2021.10.win32_1.0.200.202301161003/tools/bin/../lib/gcc/arm-none-eabi/10.3.1/../../../../arm-none-eabi/lib/thumb/v7-m/nofp\libm.a
END GROUP
START GROUP
LOAD c:/st/stm32cubeide_1.12.1/stm32cubeide/plugins/com.st.stm32cube.ide.mcu.externaltools.gnu-tools-for-stm32.10.3-2021.10.win32_1.0.200.202301161003/tools/bin/../lib/gcc/arm-none-eabi/10.3.1/thumb/v7-m/nofp\libgcc.a
LOAD c:/st/stm32cubeide_1.12.1/stm32cubeide/plugins/com.st.stm32cube.ide.mcu.externaltools.gnu-tools-for-stm32.10.3-2021.10.win32_1.0.200.202301161003/tools/bin/../lib/gcc/arm-none-eabi/10.3.1/../../../../arm-none-eabi/lib/thumb/v7-m/nofp\libc_nano.a
END GROUP
START GROUP
LOAD c:/st/stm32cubeide_1.12.1/stm32cubeide/plugins/com.st.stm32cube.ide.mcu.externaltools.gnu-tools-for-stm32.10.3-2021.10.win32_1.0.200.202301161003/tools/bin/../lib/gcc/arm-none-eabi/10.3.1/thumb/v7-m/nofp\libgcc.a
LOAD c:/st/stm32cubeide_1.12.1/stm32cubeide/plugins/com.st.stm32cube.ide.mcu.externaltools.gnu-tools-for-stm32.10.3-2021.10.win32_1.0.200.202301161003/tools/bin/../lib/gcc/arm-none-eabi/10.3.1/../../../../arm-none-eabi/lib/thumb/v7-m/nofp\libc_nano.a
LOAD c:/st/stm32cubeide_1.12.1/stm32cubeide/plugins/com.st.stm32cube.ide.mcu.externaltools.gnu-tools-for-stm32.10.3-2021.10.win32_1.0.200.202301161003/tools/bin/../lib/gcc/arm-none-eabi/10.3.1/../../../../arm-none-eabi/lib/thumb/v7-m/nofp\libnosys.a
END GROUP
START GROUP
LOAD c:/st/stm32cubeide_1.12.1/stm32cubeide/plugins/com.st.stm32cube.ide.mcu.externaltools.gnu-tools-for-stm32.10.3-2021.10.win32_1.0.200.202301161003/tools/bin/../lib/gcc/arm-none-eabi/10.3.1/thumb/v7-m/nofp\libgcc.a
LOAD c:/st/stm32cubeide_1.12.1/stm32cubeide/plugins/com.st.stm32cube.ide.mcu.externaltools.gnu-tools-for-stm32.10.3-2021.10.win32_1.0.200.202301161003/tools/bin/../lib/gcc/arm-none-eabi/10.3.1/../../../../arm-none-eabi/lib/thumb/v7-m/nofp\libc_nano.a
LOAD c:/st/stm32cubeide_1.12.1/stm32cubeide/plugins/com.st.stm32cube.ide.mcu.externaltools.gnu-tools-for-stm32.10.3-2021.10.win32_1.0.200.202301161003/tools/bin/../lib/gcc/arm-none-eabi/10.3.1/../../../../arm-none-eabi/lib/thumb/v7-m/nofp\libnosys.a
END GROUP
LOAD c:/st/stm32cubeide_1.12.1/stm32cubeide/plugins/com.st.stm32cube.ide.mcu.externaltools.gnu-tools-for-stm32.10.3-2021.10.win32_1.0.200.202301161003/tools/bin/../lib/gcc/arm-none-eabi/10.3.1/thumb/v7-m/nofp/crtend.o
LOAD c:/st/stm32cubeide_1.12.1/stm32cubeide/plugins/com.st.stm32cube.ide.mcu.externaltools.gnu-tools-for-stm32.10.3-2021.10.win32_1.0.200.202301161003/tools/bin/../lib/gcc/arm-none-eabi/10.3.1/thumb/v7-m/nofp/crtn.o
                0x0000000020005000                _estack = (ORIGIN (RAM) + LENGTH (RAM))
                0x0000000000000200                _Min_Heap_Size = 0x200
                0x0000000000000400                _Min_Stack_Size = 0x400

.isr_vector     0x0000000008000000      0x130
                0x0000000008000000                . = ALIGN (0x4)
 *(.isr_vector)
 .isr_vector    0x0000000008000000      0x130 ./Startup/startup_stm32f103c8tx.o
                0x0000000008000000                g_pfnVectors
                0x0000000008000130                . = ALIGN (0x4)

.text           0x0000000008000130      0x7a0
                0x0000000008000130                . = ALIGN (0x4)
 *(.text)
 .text          0x0000000008000130       0x40 c:/st/stm32cubeide_1.12.1/stm32cubeide/plugins/com.st.stm32cube.ide.mcu.externaltools.gnu-tools-for-stm32.10.3-2021.10.win32_1.0.200.202301161003/tools/bin/../lib/gcc/arm-none-eabi/10.3.1/thumb/v7-m/nofp/crtbegin.o
 *(.text*)
 .text.RCC_voidEnableClock
                0x0000000008000170       0x84 ./02-MCAL/01-RCC/RCC_program.o
                0x0000000008000170                RCC_voidEnableClock
 .text.RCC_InitSysClock
                0x00000000080001f4       0x20 ./02-MCAL/01-RCC/RCC_program.o
                0x00000000080001f4                RCC_InitSysClock
 .text.GPIO_voidSetPinDirection
                0x0000000008000214      0x1b0 ./02-MCAL/02-GPIO/GPIO_program.o
                0x0000000008000214                GPIO_voidSetPinDirection
 .text.GPIO_voidSetPinVal
                0x00000000080003c4       0xf8 ./02-MCAL/02-GPIO/GPIO_program.o
                0x00000000080003c4                GPIO_voidSetPinVal
 .text.NVIC_voidEnableInterrupt
                0x00000000080004bc       0x44 ./02-MCAL/03-NVIC/NVIC_program.o
                0x00000000080004bc                NVIC_voidEnableInterrupt
 .text.EXTI0_IRQHandler
                0x0000000008000500       0x24 ./02-MCAL/04-EXIN/EXIN_program.o
                0x0000000008000500                EXTI0_IRQHandler
 .text.SysTick_Handler
                0x0000000008000524       0x34 ./02-MCAL/06-STK/STK_program.o
                0x0000000008000524                SysTick_Handler
 .text.LED_voidOn
                0x0000000008000558       0xc0 ./03-HAL/01-LED/LED_program.o
                0x0000000008000558                LED_voidOn
 .text.SEV_SEGMENT_voidDisplay
                0x0000000008000618      0x158 ./03-HAL/02-SEV_SEGMENT/SEV_SEGMENT_program.o
                0x0000000008000618                SEV_SEGMENT_voidDisplay
 .text.main     0x0000000008000770       0xaa ./Src/main.o
                0x0000000008000770                main
 *fill*         0x000000000800081a        0x2 
 .text.Reset_Handler
                0x000000000800081c       0x50 ./Startup/startup_stm32f103c8tx.o
                0x000000000800081c                Reset_Handler
 .text.Default_Handler
                0x000000000800086c        0x2 ./Startup/startup_stm32f103c8tx.o
                0x000000000800086c                EXTI2_IRQHandler
                0x000000000800086c                TIM8_TRG_COM_IRQHandler
                0x000000000800086c                TIM8_CC_IRQHandler
                0x000000000800086c                DebugMon_Handler
                0x000000000800086c                TIM1_CC_IRQHandler
                0x000000000800086c                HardFault_Handler
                0x000000000800086c                TIM6_IRQHandler
                0x000000000800086c                PVD_IRQHandler
                0x000000000800086c                SDIO_IRQHandler
                0x000000000800086c                PendSV_Handler
                0x000000000800086c                NMI_Handler
                0x000000000800086c                EXTI3_IRQHandler
                0x000000000800086c                USB_HP_CAN_TX_IRQHandler
                0x000000000800086c                I2C2_EV_IRQHandler
                0x000000000800086c                UsageFault_Handler
                0x000000000800086c                ADC1_2_IRQHandler
                0x000000000800086c                SPI1_IRQHandler
                0x000000000800086c                CAN_SCE_IRQHandler
                0x000000000800086c                TAMPER_IRQHandler
                0x000000000800086c                TIM8_UP_IRQHandler
                0x000000000800086c                DMA2_Channel2_IRQHandler
                0x000000000800086c                DMA1_Channel4_IRQHandler
                0x000000000800086c                USART3_IRQHandler
                0x000000000800086c                RTC_IRQHandler
                0x000000000800086c                DMA1_Channel7_IRQHandler
                0x000000000800086c                UART5_IRQHandler
                0x000000000800086c                ADC3_IRQHandler
                0x000000000800086c                TIM4_IRQHandler
                0x000000000800086c                CAN_RX1_IRQHandler
                0x000000000800086c                DMA2_Channel1_IRQHandler
                0x000000000800086c                I2C1_EV_IRQHandler
                0x000000000800086c                DMA1_Channel6_IRQHandler
                0x000000000800086c                UART4_IRQHandler
                0x000000000800086c                TIM3_IRQHandler
                0x000000000800086c                RCC_IRQHandler
                0x000000000800086c                TIM1_TRG_COM_IRQHandler
                0x000000000800086c                DMA1_Channel1_IRQHandler
                0x000000000800086c                Default_Handler
                0x000000000800086c                EXTI15_10_IRQHandler
                0x000000000800086c                TIM7_IRQHandler
                0x000000000800086c                TIM5_IRQHandler
                0x000000000800086c                EXTI9_5_IRQHandler
                0x000000000800086c                SPI2_IRQHandler
                0x000000000800086c                USB_LP_CAN_RX0_IRQHandler
                0x000000000800086c                MemManage_Handler
                0x000000000800086c                SVC_Handler
                0x000000000800086c                DMA1_Channel5_IRQHandler
                0x000000000800086c                EXTI4_IRQHandler
                0x000000000800086c                DMA1_Channel3_IRQHandler
                0x000000000800086c                FSMC_IRQHandler
                0x000000000800086c                TIM1_UP_IRQHandler
                0x000000000800086c                WWDG_IRQHandler
                0x000000000800086c                TIM2_IRQHandler
                0x000000000800086c                TIM1_BRK_IRQHandler
                0x000000000800086c                EXTI1_IRQHandler
                0x000000000800086c                RTCAlarm_IRQHandler
                0x000000000800086c                DMA2_Channel4_5_IRQHandler
                0x000000000800086c                USART2_IRQHandler
                0x000000000800086c                I2C2_ER_IRQHandler
                0x000000000800086c                DMA1_Channel2_IRQHandler
                0x000000000800086c                TIM8_BRK_IRQHandler
                0x000000000800086c                FLASH_IRQHandler
                0x000000000800086c                BusFault_Handler
                0x000000000800086c                USART1_IRQHandler
                0x000000000800086c                SPI3_IRQHandler
                0x000000000800086c                I2C1_ER_IRQHandler
                0x000000000800086c                DMA2_Channel3_IRQHandler
 *fill*         0x000000000800086e        0x2 
 .text.__libc_init_array
                0x0000000008000870       0x48 c:/st/stm32cubeide_1.12.1/stm32cubeide/plugins/com.st.stm32cube.ide.mcu.externaltools.gnu-tools-for-stm32.10.3-2021.10.win32_1.0.200.202301161003/tools/bin/../lib/gcc/arm-none-eabi/10.3.1/../../../../arm-none-eabi/lib/thumb/v7-m/nofp\libc_nano.a(lib_a-init.o)
                0x0000000008000870                __libc_init_array
 *(.glue_7)
 .glue_7        0x00000000080008b8        0x0 linker stubs
 *(.glue_7t)
 .glue_7t       0x00000000080008b8        0x0 linker stubs
 *(.eh_frame)
 .eh_frame      0x00000000080008b8        0x0 c:/st/stm32cubeide_1.12.1/stm32cubeide/plugins/com.st.stm32cube.ide.mcu.externaltools.gnu-tools-for-stm32.10.3-2021.10.win32_1.0.200.202301161003/tools/bin/../lib/gcc/arm-none-eabi/10.3.1/thumb/v7-m/nofp/crtbegin.o
 *(.init)
 .init          0x00000000080008b8        0x4 c:/st/stm32cubeide_1.12.1/stm32cubeide/plugins/com.st.stm32cube.ide.mcu.externaltools.gnu-tools-for-stm32.10.3-2021.10.win32_1.0.200.202301161003/tools/bin/../lib/gcc/arm-none-eabi/10.3.1/thumb/v7-m/nofp/crti.o
                0x00000000080008b8                _init
 .init          0x00000000080008bc        0x8 c:/st/stm32cubeide_1.12.1/stm32cubeide/plugins/com.st.stm32cube.ide.mcu.externaltools.gnu-tools-for-stm32.10.3-2021.10.win32_1.0.200.202301161003/tools/bin/../lib/gcc/arm-none-eabi/10.3.1/thumb/v7-m/nofp/crtn.o
 *(.fini)
 .fini          0x00000000080008c4        0x4 c:/st/stm32cubeide_1.12.1/stm32cubeide/plugins/com.st.stm32cube.ide.mcu.externaltools.gnu-tools-for-stm32.10.3-2021.10.win32_1.0.200.202301161003/tools/bin/../lib/gcc/arm-none-eabi/10.3.1/thumb/v7-m/nofp/crti.o
                0x00000000080008c4                _fini
 .fini          0x00000000080008c8        0x8 c:/st/stm32cubeide_1.12.1/stm32cubeide/plugins/com.st.stm32cube.ide.mcu.externaltools.gnu-tools-for-stm32.10.3-2021.10.win32_1.0.200.202301161003/tools/bin/../lib/gcc/arm-none-eabi/10.3.1/thumb/v7-m/nofp/crtn.o
                0x00000000080008d0                . = ALIGN (0x4)
                0x00000000080008d0                _etext = .

.vfp11_veneer   0x00000000080008d0        0x0
 .vfp11_veneer  0x00000000080008d0        0x0 linker stubs

.v4_bx          0x00000000080008d0        0x0
 .v4_bx         0x00000000080008d0        0x0 linker stubs

.iplt           0x00000000080008d0        0x0
 .iplt          0x00000000080008d0        0x0 c:/st/stm32cubeide_1.12.1/stm32cubeide/plugins/com.st.stm32cube.ide.mcu.externaltools.gnu-tools-for-stm32.10.3-2021.10.win32_1.0.200.202301161003/tools/bin/../lib/gcc/arm-none-eabi/10.3.1/thumb/v7-m/nofp/crtbegin.o

.rel.dyn        0x00000000080008d0        0x0
 .rel.iplt      0x00000000080008d0        0x0 c:/st/stm32cubeide_1.12.1/stm32cubeide/plugins/com.st.stm32cube.ide.mcu.externaltools.gnu-tools-for-stm32.10.3-2021.10.win32_1.0.200.202301161003/tools/bin/../lib/gcc/arm-none-eabi/10.3.1/thumb/v7-m/nofp/crtbegin.o

.rodata         0x00000000080008d0        0x0
                0x00000000080008d0                . = ALIGN (0x4)
 *(.rodata)
 *(.rodata*)
                0x00000000080008d0                . = ALIGN (0x4)

.ARM.extab      0x00000000080008d0        0x0
                0x00000000080008d0                . = ALIGN (0x4)
 *(.ARM.extab* .gnu.linkonce.armextab.*)
                0x00000000080008d0                . = ALIGN (0x4)

.ARM            0x00000000080008d0        0x0
                0x00000000080008d0                . = ALIGN (0x4)
                0x00000000080008d0                __exidx_start = .
 *(.ARM.exidx*)
                0x00000000080008d0                __exidx_end = .
                0x00000000080008d0                . = ALIGN (0x4)

.preinit_array  0x00000000080008d0        0x0
                0x00000000080008d0                . = ALIGN (0x4)
                0x00000000080008d0                PROVIDE (__preinit_array_start = .)
 *(.preinit_array*)
                0x00000000080008d0                PROVIDE (__preinit_array_end = .)
                0x00000000080008d0                . = ALIGN (0x4)

.init_array     0x00000000080008d0        0x4
                0x00000000080008d0                . = ALIGN (0x4)
                0x00000000080008d0                PROVIDE (__init_array_start = .)
 *(SORT_BY_NAME(.init_array.*))
 *(.init_array*)
 .init_array    0x00000000080008d0        0x4 c:/st/stm32cubeide_1.12.1/stm32cubeide/plugins/com.st.stm32cube.ide.mcu.externaltools.gnu-tools-for-stm32.10.3-2021.10.win32_1.0.200.202301161003/tools/bin/../lib/gcc/arm-none-eabi/10.3.1/thumb/v7-m/nofp/crtbegin.o
                0x00000000080008d4                PROVIDE (__init_array_end = .)
                0x00000000080008d4                . = ALIGN (0x4)

.fini_array     0x00000000080008d4        0x4
                0x00000000080008d4                . = ALIGN (0x4)
                [!provide]                        PROVIDE (__fini_array_start = .)
 *(SORT_BY_NAME(.fini_array.*))
 *(.fini_array*)
 .fini_array    0x00000000080008d4        0x4 c:/st/stm32cubeide_1.12.1/stm32cubeide/plugins/com.st.stm32cube.ide.mcu.externaltools.gnu-tools-for-stm32.10.3-2021.10.win32_1.0.200.202301161003/tools/bin/../lib/gcc/arm-none-eabi/10.3.1/thumb/v7-m/nofp/crtbegin.o
                [!provide]                        PROVIDE (__fini_array_end = .)
                0x00000000080008d8                . = ALIGN (0x4)
                0x00000000080008d8                _sidata = LOADADDR (.data)

.data           0x0000000020000000       0x48 load address 0x00000000080008d8
                0x0000000020000000                . = ALIGN (0x4)
                0x0000000020000000                _sdata = .
 *(.data)
 *(.data*)
 .data.S_Table  0x0000000020000000       0x46 ./03-HAL/02-SEV_SEGMENT/SEV_SEGMENT_program.o
 *(.RamFunc)
 *(.RamFunc*)
                0x0000000020000048                . = ALIGN (0x4)
 *fill*         0x0000000020000046        0x2 
                0x0000000020000048                _edata = .

.igot.plt       0x0000000020000048        0x0 load address 0x0000000008000920
 .igot.plt      0x0000000020000048        0x0 c:/st/stm32cubeide_1.12.1/stm32cubeide/plugins/com.st.stm32cube.ide.mcu.externaltools.gnu-tools-for-stm32.10.3-2021.10.win32_1.0.200.202301161003/tools/bin/../lib/gcc/arm-none-eabi/10.3.1/thumb/v7-m/nofp/crtbegin.o
                0x0000000020000048                . = ALIGN (0x4)

.bss            0x0000000020000048       0x28 load address 0x0000000008000920
                0x0000000020000048                _sbss = .
                0x0000000020000048                __bss_start__ = _sbss
 *(.bss)
 .bss           0x0000000020000048       0x1c c:/st/stm32cubeide_1.12.1/stm32cubeide/plugins/com.st.stm32cube.ide.mcu.externaltools.gnu-tools-for-stm32.10.3-2021.10.win32_1.0.200.202301161003/tools/bin/../lib/gcc/arm-none-eabi/10.3.1/thumb/v7-m/nofp/crtbegin.o
 *(.bss*)
 .bss.EXTI0_CallBack
                0x0000000020000064        0x4 ./02-MCAL/04-EXIN/EXIN_program.o
                0x0000000020000064                EXTI0_CallBack
 .bss.STK_CALLBACK
                0x0000000020000068        0x4 ./02-MCAL/06-STK/STK_program.o
                0x0000000020000068                STK_CALLBACK
 .bss.single_interval
                0x000000002000006c        0x1 ./02-MCAL/06-STK/STK_program.o
 *(COMMON)
                0x0000000020000070                . = ALIGN (0x4)
 *fill*         0x000000002000006d        0x3 
                0x0000000020000070                _ebss = .
                0x0000000020000070                __bss_end__ = _ebss

._user_heap_stack
                0x0000000020000070      0x600 load address 0x0000000008000920
                0x0000000020000070                . = ALIGN (0x8)
                [!provide]                        PROVIDE (end = .)
                0x0000000020000070                PROVIDE (_end = .)
                0x0000000020000270                . = (. + _Min_Heap_Size)
 *fill*         0x0000000020000070      0x200 
                0x0000000020000670                . = (. + _Min_Stack_Size)
 *fill*         0x0000000020000270      0x400 
                0x0000000020000670                . = ALIGN (0x8)

/DISCARD/
 libc.a(*)
 libm.a(*)
 libgcc.a(*)

.ARM.attributes
                0x0000000000000000       0x29
 *(.ARM.attributes)
 .ARM.attributes
                0x0000000000000000       0x1d c:/st/stm32cubeide_1.12.1/stm32cubeide/plugins/com.st.stm32cube.ide.mcu.externaltools.gnu-tools-for-stm32.10.3-2021.10.win32_1.0.200.202301161003/tools/bin/../lib/gcc/arm-none-eabi/10.3.1/thumb/v7-m/nofp/crti.o
 .ARM.attributes
                0x000000000000001d       0x2d c:/st/stm32cubeide_1.12.1/stm32cubeide/plugins/com.st.stm32cube.ide.mcu.externaltools.gnu-tools-for-stm32.10.3-2021.10.win32_1.0.200.202301161003/tools/bin/../lib/gcc/arm-none-eabi/10.3.1/thumb/v7-m/nofp/crtbegin.o
 .ARM.attributes
                0x000000000000004a       0x2d ./02-MCAL/01-RCC/RCC_program.o
 .ARM.attributes
                0x0000000000000077       0x2d ./02-MCAL/02-GPIO/GPIO_program.o
 .ARM.attributes
                0x00000000000000a4       0x2d ./02-MCAL/03-NVIC/NVIC_program.o
 .ARM.attributes
                0x00000000000000d1       0x2d ./02-MCAL/04-EXIN/EXIN_program.o
 .ARM.attributes
                0x00000000000000fe       0x2d ./02-MCAL/06-STK/STK_program.o
 .ARM.attributes
                0x000000000000012b       0x2d ./03-HAL/01-LED/LED_program.o
 .ARM.attributes
                0x0000000000000158       0x2d ./03-HAL/02-SEV_SEGMENT/SEV_SEGMENT_program.o
 .ARM.attributes
                0x0000000000000185       0x2d ./Src/main.o
 .ARM.attributes
                0x00000000000001b2       0x21 ./Startup/startup_stm32f103c8tx.o
 .ARM.attributes
                0x00000000000001d3       0x2d c:/st/stm32cubeide_1.12.1/stm32cubeide/plugins/com.st.stm32cube.ide.mcu.externaltools.gnu-tools-for-stm32.10.3-2021.10.win32_1.0.200.202301161003/tools/bin/../lib/gcc/arm-none-eabi/10.3.1/../../../../arm-none-eabi/lib/thumb/v7-m/nofp\libc_nano.a(lib_a-init.o)
 .ARM.attributes
                0x0000000000000200       0x1d c:/st/stm32cubeide_1.12.1/stm32cubeide/plugins/com.st.stm32cube.ide.mcu.externaltools.gnu-tools-for-stm32.10.3-2021.10.win32_1.0.200.202301161003/tools/bin/../lib/gcc/arm-none-eabi/10.3.1/thumb/v7-m/nofp/crtn.o
OUTPUT(STM_DRIVERS.elf elf32-littlearm)
LOAD linker stubs
LOAD c:/st/stm32cubeide_1.12.1/stm32cubeide/plugins/com.st.stm32cube.ide.mcu.externaltools.gnu-tools-for-stm32.10.3-2021.10.win32_1.0.200.202301161003/tools/bin/../lib/gcc/arm-none-eabi/10.3.1/../../../../arm-none-eabi/lib/thumb/v7-m/nofp\libc.a
LOAD c:/st/stm32cubeide_1.12.1/stm32cubeide/plugins/com.st.stm32cube.ide.mcu.externaltools.gnu-tools-for-stm32.10.3-2021.10.win32_1.0.200.202301161003/tools/bin/../lib/gcc/arm-none-eabi/10.3.1/../../../../arm-none-eabi/lib/thumb/v7-m/nofp\libm.a
LOAD c:/st/stm32cubeide_1.12.1/stm32cubeide/plugins/com.st.stm32cube.ide.mcu.externaltools.gnu-tools-for-stm32.10.3-2021.10.win32_1.0.200.202301161003/tools/bin/../lib/gcc/arm-none-eabi/10.3.1/thumb/v7-m/nofp\libgcc.a

.debug_info     0x0000000000000000      0xcbf
 .debug_info    0x0000000000000000       0xff ./02-MCAL/01-RCC/RCC_program.o
 .debug_info    0x00000000000000ff      0x153 ./02-MCAL/02-GPIO/GPIO_program.o
 .debug_info    0x0000000000000252      0x1c1 ./02-MCAL/03-NVIC/NVIC_program.o
 .debug_info    0x0000000000000413      0x259 ./02-MCAL/04-EXIN/EXIN_program.o
 .debug_info    0x000000000000066c      0x1ee ./02-MCAL/06-STK/STK_program.o
 .debug_info    0x000000000000085a      0x19c ./03-HAL/01-LED/LED_program.o
 .debug_info    0x00000000000009f6      0x104 ./03-HAL/02-SEV_SEGMENT/SEV_SEGMENT_program.o
 .debug_info    0x0000000000000afa      0x1a3 ./Src/main.o
 .debug_info    0x0000000000000c9d       0x22 ./Startup/startup_stm32f103c8tx.o

.debug_abbrev   0x0000000000000000      0x65f
 .debug_abbrev  0x0000000000000000       0x92 ./02-MCAL/01-RCC/RCC_program.o
 .debug_abbrev  0x0000000000000092       0xa7 ./02-MCAL/02-GPIO/GPIO_program.o
 .debug_abbrev  0x0000000000000139       0xa7 ./02-MCAL/03-NVIC/NVIC_program.o
 .debug_abbrev  0x00000000000001e0      0x127 ./02-MCAL/04-EXIN/EXIN_program.o
 .debug_abbrev  0x0000000000000307      0x133 ./02-MCAL/06-STK/STK_program.o
 .debug_abbrev  0x000000000000043a       0xca ./03-HAL/01-LED/LED_program.o
 .debug_abbrev  0x0000000000000504       0x9b ./03-HAL/02-SEV_SEGMENT/SEV_SEGMENT_program.o
 .debug_abbrev  0x000000000000059f       0xae ./Src/main.o
 .debug_abbrev  0x000000000000064d       0x12 ./Startup/startup_stm32f103c8tx.o

.debug_aranges  0x0000000000000000      0x1d8
 .debug_aranges
                0x0000000000000000       0x30 ./02-MCAL/01-RCC/RCC_program.o
 .debug_aranges
                0x0000000000000030       0x30 ./02-MCAL/02-GPIO/GPIO_program.o
 .debug_aranges
                0x0000000000000060       0x48 ./02-MCAL/03-NVIC/NVIC_program.o
 .debug_aranges
                0x00000000000000a8       0x40 ./02-MCAL/04-EXIN/EXIN_program.o
 .debug_aranges
                0x00000000000000e8       0x58 ./02-MCAL/06-STK/STK_program.o
 .debug_aranges
                0x0000000000000140       0x30 ./03-HAL/01-LED/LED_program.o
 .debug_aranges
                0x0000000000000170       0x20 ./03-HAL/02-SEV_SEGMENT/SEV_SEGMENT_program.o
 .debug_aranges
                0x0000000000000190       0x20 ./Src/main.o
 .debug_aranges
                0x00000000000001b0       0x28 ./Startup/startup_stm32f103c8tx.o

.debug_ranges   0x0000000000000000      0x150
 .debug_ranges  0x0000000000000000       0x20 ./02-MCAL/01-RCC/RCC_program.o
 .debug_ranges  0x0000000000000020       0x20 ./02-MCAL/02-GPIO/GPIO_program.o
 .debug_ranges  0x0000000000000040       0x38 ./02-MCAL/03-NVIC/NVIC_program.o
 .debug_ranges  0x0000000000000078       0x30 ./02-MCAL/04-EXIN/EXIN_program.o
 .debug_ranges  0x00000000000000a8       0x48 ./02-MCAL/06-STK/STK_program.o
 .debug_ranges  0x00000000000000f0       0x20 ./03-HAL/01-LED/LED_program.o
 .debug_ranges  0x0000000000000110       0x10 ./03-HAL/02-SEV_SEGMENT/SEV_SEGMENT_program.o
 .debug_ranges  0x0000000000000120       0x10 ./Src/main.o
 .debug_ranges  0x0000000000000130       0x20 ./Startup/startup_stm32f103c8tx.o

.debug_macro    0x0000000000000000     0x10ba
 .debug_macro   0x0000000000000000       0x3f ./02-MCAL/01-RCC/RCC_program.o
 .debug_macro   0x000000000000003f      0xa72 ./02-MCAL/01-RCC/RCC_program.o
 .debug_macro   0x0000000000000ab1       0x28 ./02-MCAL/01-RCC/RCC_program.o
 .debug_macro   0x0000000000000ad9       0x1c ./02-MCAL/01-RCC/RCC_program.o
 .debug_macro   0x0000000000000af5       0x82 ./02-MCAL/01-RCC/RCC_program.o
 .debug_macro   0x0000000000000b77       0x10 ./02-MCAL/01-RCC/RCC_program.o
 .debug_macro   0x0000000000000b87       0x40 ./02-MCAL/02-GPIO/GPIO_program.o
 .debug_macro   0x0000000000000bc7       0xe2 ./02-MCAL/02-GPIO/GPIO_program.o
 .debug_macro   0x0000000000000ca9       0x9a ./02-MCAL/02-GPIO/GPIO_program.o
 .debug_macro   0x0000000000000d43       0x40 ./02-MCAL/03-NVIC/NVIC_program.o
 .debug_macro   0x0000000000000d83       0x28 ./02-MCAL/03-NVIC/NVIC_program.o
 .debug_macro   0x0000000000000dab       0x5e ./02-MCAL/03-NVIC/NVIC_program.o
 .debug_macro   0x0000000000000e09       0x41 ./02-MCAL/04-EXIN/EXIN_program.o
 .debug_macro   0x0000000000000e4a       0x10 ./02-MCAL/04-EXIN/EXIN_program.o
 .debug_macro   0x0000000000000e5a       0x3f ./02-MCAL/06-STK/STK_program.o
 .debug_macro   0x0000000000000e99       0x16 ./02-MCAL/06-STK/STK_program.o
 .debug_macro   0x0000000000000eaf       0x10 ./02-MCAL/06-STK/STK_program.o
 .debug_macro   0x0000000000000ebf       0x10 ./02-MCAL/06-STK/STK_program.o
 .debug_macro   0x0000000000000ecf       0x40 ./03-HAL/01-LED/LED_program.o
 .debug_macro   0x0000000000000f0f       0x52 ./03-HAL/01-LED/LED_program.o
 .debug_macro   0x0000000000000f61       0x2e ./03-HAL/01-LED/LED_program.o
 .debug_macro   0x0000000000000f8f       0x40 ./03-HAL/02-SEV_SEGMENT/SEV_SEGMENT_program.o
 .debug_macro   0x0000000000000fcf       0x64 ./03-HAL/02-SEV_SEGMENT/SEV_SEGMENT_program.o
 .debug_macro   0x0000000000001033       0x16 ./03-HAL/02-SEV_SEGMENT/SEV_SEGMENT_program.o
 .debug_macro   0x0000000000001049       0x71 ./Src/main.o

.debug_line     0x0000000000000000     0x12b7
 .debug_line    0x0000000000000000      0x168 ./02-MCAL/01-RCC/RCC_program.o
 .debug_line    0x0000000000000168      0x297 ./02-MCAL/02-GPIO/GPIO_program.o
 .debug_line    0x00000000000003ff      0x224 ./02-MCAL/03-NVIC/NVIC_program.o
 .debug_line    0x0000000000000623      0x16e ./02-MCAL/04-EXIN/EXIN_program.o
 .debug_line    0x0000000000000791      0x209 ./02-MCAL/06-STK/STK_program.o
 .debug_line    0x000000000000099a      0x236 ./03-HAL/01-LED/LED_program.o
 .debug_line    0x0000000000000bd0      0x1e3 ./03-HAL/02-SEV_SEGMENT/SEV_SEGMENT_program.o
 .debug_line    0x0000000000000db3      0x480 ./Src/main.o
 .debug_line    0x0000000000001233       0x84 ./Startup/startup_stm32f103c8tx.o

.debug_str      0x0000000000000000     0x455a
 .debug_str     0x0000000000000000     0x31b9 ./02-MCAL/01-RCC/RCC_program.o
                                       0x3230 (size before relaxing)
 .debug_str     0x00000000000031b9      0x7ff ./02-MCAL/02-GPIO/GPIO_program.o
                                       0x3619 (size before relaxing)
 .debug_str     0x00000000000039b8      0x496 ./02-MCAL/03-NVIC/NVIC_program.o
                                       0x32b0 (size before relaxing)
 .debug_str     0x0000000000003e4e      0x1ac ./02-MCAL/04-EXIN/EXIN_program.o
                                       0x2fde (size before relaxing)
 .debug_str     0x0000000000003ffa      0x184 ./02-MCAL/06-STK/STK_program.o
                                       0x2f9e (size before relaxing)
 .debug_str     0x000000000000417e      0x185 ./03-HAL/01-LED/LED_program.o
                                       0x3140 (size before relaxing)
 .debug_str     0x0000000000004303      0x1af ./03-HAL/02-SEV_SEGMENT/SEV_SEGMENT_program.o
                                       0x3177 (size before relaxing)
 .debug_str     0x00000000000044b2       0x77 ./Src/main.o
                                       0x32c1 (size before relaxing)
 .debug_str     0x0000000000004529       0x31 ./Startup/startup_stm32f103c8tx.o
                                         0x7f (size before relaxing)

.comment        0x0000000000000000       0x50
 .comment       0x0000000000000000       0x50 ./02-MCAL/01-RCC/RCC_program.o
                                         0x51 (size before relaxing)
 .comment       0x0000000000000050       0x51 ./02-MCAL/02-GPIO/GPIO_program.o
 .comment       0x0000000000000050       0x51 ./02-MCAL/03-NVIC/NVIC_program.o
 .comment       0x0000000000000050       0x51 ./02-MCAL/04-EXIN/EXIN_program.o
 .comment       0x0000000000000050       0x51 ./02-MCAL/06-STK/STK_program.o
 .comment       0x0000000000000050       0x51 ./03-HAL/01-LED/LED_program.o
 .comment       0x0000000000000050       0x51 ./03-HAL/02-SEV_SEGMENT/SEV_SEGMENT_program.o
 .comment       0x0000000000000050       0x51 ./Src/main.o

.debug_frame    0x0000000000000000      0x4fc
 .debug_frame   0x0000000000000000       0x80 ./02-MCAL/01-RCC/RCC_program.o
 .debug_frame   0x0000000000000080       0x88 ./02-MCAL/02-GPIO/GPIO_program.o
 .debug_frame   0x0000000000000108      0x100 ./02-MCAL/03-NVIC/NVIC_program.o
 .debug_frame   0x0000000000000208       0xc4 ./02-MCAL/04-EXIN/EXIN_program.o
 .debug_frame   0x00000000000002cc      0x124 ./02-MCAL/06-STK/STK_program.o
 .debug_frame   0x00000000000003f0       0x7c ./03-HAL/01-LED/LED_program.o
 .debug_frame   0x000000000000046c       0x34 ./03-HAL/02-SEV_SEGMENT/SEV_SEGMENT_program.o
 .debug_frame   0x00000000000004a0       0x30 ./Src/main.o
 .debug_frame   0x00000000000004d0       0x2c c:/st/stm32cubeide_1.12.1/stm32cubeide/plugins/com.st.stm32cube.ide.mcu.externaltools.gnu-tools-for-stm32.10.3-2021.10.win32_1.0.200.202301161003/tools/bin/../lib/gcc/arm-none-eabi/10.3.1/../../../../arm-none-eabi/lib/thumb/v7-m/nofp\libc_nano.a(lib_a-init.o)
