../02-MCAL/09-UART/UART_program.c:20:6:UART_voidInit	4	static
../02-MCAL/09-UART/UART_program.c:50:7:UART_voidBusySendByte	16	static
../02-MCAL/09-UART/UART_program.c:57:7:UART_voidAsyncSendByte	16	static
../02-MCAL/09-UART/UART_program.c:63:6:UART_voidBusySendString	24	static
../02-MCAL/09-UART/UART_program.c:75:6:UART_voidBusyReceiveByte	4	static
../02-MCAL/09-UART/UART_program.c:81:6:UART_voidAsyncReceiveByte	4	static
../02-MCAL/09-UART/UART_program.c:87:6:UART_voidBusyReceiveString	24	static
../02-MCAL/09-UART/UART_program.c:99:6:UART_voidEnableInt	16	static
../02-MCAL/09-UART/UART_program.c:104:6:UART_voidDisableInt	16	static
../02-MCAL/09-UART/UART_program.c:109:6:UART_enIntCallBack	16	static
../02-MCAL/09-UART/UART_program.c:114:6:USART1_IRQHandler	8	static
